Welcome to Ubuntu 18.04.5 LTS (GNU/Linux 4.15.0-128-generic x86_64)

<<<<<<< HEAD
 * Documentation:  https://help.ubuntu.com
 * Management:     https://landscape.canonical.com
 * Support:        https://ubuntu.com/advantage

  System information as of Tue Oct 19 21:27:16 UTC 2021

  System load:                    0.23
  Usage of /:                     56.2% of 61.80GB
  Memory usage:                   26%
  Swap usage:                     0%
  Processes:                      145
  Users logged in:                0
  IP address for eth0:            10.0.2.15
  IP address for eth1:            192.168.2.81
  IP address for docker0:         172.17.0.1
  IP address for docker_gwbridge: 172.18.0.1
  IP address for br-a272740f1519: 172.19.0.1
  IP address for br-4759a70587ea: 172.20.0.1

 * Canonical Livepatch is available for installation.
   - Reduce system reboots and improve kernel security. Activate at:
     https://ubuntu.com/livepatch


This system is built by the Bento project by Chef Software
More information can be found at https://github.com/chef/bento
Last login: Tue Oct 19 21:26:15 2021 from 192.168.2.230



vagrant@doc01:~$ 
vagrant@doc01:~$ 
vagrant@doc01:~$ 
vagrant@doc01:~$ ifconfig
br-4759a70587ea: flags=4099<UP,BROADCAST,MULTICAST>  mtu 1500
        inet 172.20.0.1  netmask 255.255.0.0  broadcast 172.20.255.255
        ether 02:42:b8:4c:36:b0  txqueuelen 0  (Ethernet)
        RX packets 0  bytes 0 (0.0 B)
        RX errors 0  dropped 0  overruns 0  frame 0
        TX packets 0  bytes 0 (0.0 B)
        TX errors 0  dropped 0 overruns 0  carrier 0  collisions 0
=======
>>>>>>> 44cac71487b1e44cb3ae1da360792ac8b96c241a



<<<<<<< HEAD
docker_gwbridge: flags=4163<UP,BROADCAST,RUNNING,MULTICAST>  mtu 1500
        inet 172.18.0.1  netmask 255.255.0.0  broadcast 172.18.255.255
        inet6 fe80::42:a7ff:fef9:4313  prefixlen 64  scopeid 0x20<link>
        ether 02:42:a7:f9:43:13  txqueuelen 0  (Ethernet)
        RX packets 88146  bytes 6405326 (6.4 MB)
        RX errors 0  dropped 0  overruns 0  frame 0
        TX packets 672445  bytes 54793707 (54.7 MB)
        TX errors 0  dropped 0 overruns 0  carrier 0  collisions 0
=======
 * Documentation:  https://help.ubuntu.com
 * Management:     https://landscape.canonical.com
 * Support:        https://ubuntu.com/advantage
>>>>>>> 44cac71487b1e44cb3ae1da360792ac8b96c241a

  System information as of Tue Oct 19 23:39:39 UTC 2021

<<<<<<< HEAD
eth1: flags=4163<UP,BROADCAST,RUNNING,MULTICAST>  mtu 1500
        inet 192.168.2.81  netmask 255.255.255.0  broadcast 192.168.2.255
        inet6 fe80::a00:27ff:fe70:3912  prefixlen 64  scopeid 0x20<link>
        ether 08:00:27:70:39:12  txqueuelen 1000  (Ethernet)
        RX packets 3281758  bytes 538862952 (538.8 MB)
        RX errors 0  dropped 0  overruns 0  frame 0
        TX packets 2276970  bytes 446727925 (446.7 MB)
        TX errors 0  dropped 0 overruns 0  carrier 0  collisions 0

lo: flags=73<UP,LOOPBACK,RUNNING>  mtu 65536
        inet 127.0.0.1  netmask 255.0.0.0
        inet6 ::1  prefixlen 128  scopeid 0x10<host>
        loop  txqueuelen 1000  (Local Loopback)
        RX packets 152053  bytes 10564040 (10.5 MB)
        RX errors 0  dropped 0  overruns 0  frame 0
        TX packets 152053  bytes 10564040 (10.5 MB)
        TX errors 0  dropped 0 overruns 0  carrier 0  collisions 0

veth3ded126: flags=4163<UP,BROADCAST,RUNNING,MULTICAST>  mtu 1500
        inet6 fe80::2095:c3ff:fec2:42e6  prefixlen 64  scopeid 0x20<link>
        ether 22:95:c3:c2:42:e6  txqueuelen 0  (Ethernet)
        RX packets 88146  bytes 7639370 (7.6 MB)
        RX errors 0  dropped 0  overruns 0  frame 0
        TX packets 672481  bytes 54796227 (54.7 MB)
        TX errors 0  dropped 0 overruns 0  carrier 0  collisions 0

vethb779077: flags=4163<UP,BROADCAST,RUNNING,MULTICAST>  mtu 1500
        inet6 fe80::1844:1eff:fe8d:33d6  prefixlen 64  scopeid 0x20<link>
        ether 1a:44:1e:8d:33:d6  txqueuelen 0  (Ethernet)
        RX packets 0  bytes 0 (0.0 B)
        RX errors 0  dropped 0  overruns 0  frame 0
        TX packets 368  bytes 81743 (81.7 KB)
        TX errors 0  dropped 0 overruns 0  carrier 0  collisions 0

vagrant@doc01:~$ pwd
/home/vagrant
vagrant@doc01:~$ ls -la
total 180
drwxr-xr-x 14 vagrant vagrant  4096 Oct 19 21:26 [0m[01;34m.[0m
drwxr-xr-x  3 root    root     4096 Dec 21  2020 [01;34m..[0m
drwx------  3 vagrant vagrant  4096 Jun  3 00:41 [01;34m.ansible[0m
-rw-rw-r--  1 vagrant vagrant 10649 Jun  3 00:58 ansible.cfg
-rw-------  1 vagrant vagrant 57556 Oct 19 21:26 .bash_history
-rw-r--r--  1 vagrant vagrant   220 Dec 21  2020 .bash_logout
-rw-r--r--  1 vagrant vagrant  3771 Dec 21  2020 .bashrc
drwx------  2 vagrant vagrant  4096 Dec 21  2020 [01;34m.cache[0m
-rw-rw-r--  1 vagrant vagrant    25 Jun 18 02:21 close.sh
drwx------  2 vagrant vagrant  4096 Oct  8 22:52 [01;34m.docker[0m
drwxrwxr-x 12 vagrant vagrant  4096 Aug 23 23:16 [01;34mfaas[0m
-rw-rw-r--  1 vagrant vagrant    46 Jun 18 17:15 .gitconfig
drwx------  3 vagrant vagrant  4096 Dec 21  2020 [01;34m.gnupg[0m
-rw-rw-r--  1 vagrant vagrant   780 Jun  3 00:58 hosts
-rw-rw-r--  1 vagrant vagrant   800 Sep 25 01:13 hosts.tmp
-rw-r--r--  1 vagrant vagrant   588 Jun 29 19:13 id_rsa.pub
drwxr-xr-x  2 vagrant root     4096 Jun  3 00:57 [01;34mjenkins[0m
drwxrwxr-x  3 vagrant vagrant  4096 Jul  7 19:42 [01;34m.local[0m
drwxrwxr-x  4 vagrant vagrant  4096 Jun 18 17:23 [01;34mpaglipay-docker-swarm[0m
drwxrwxr-x  4 vagrant vagrant  4096 Aug  4 23:22 [01;34mpaglipay-gitlab[0m
drwxrwxr-x  3 vagrant vagrant  4096 Aug  5 21:57 [01;34mpaglipay-guacamole[0m
drwxrwxr-x  5 vagrant vagrant  4096 Jun  3 22:49 [01;34mpaglipay-naemon[0m
-rw-r--r--  1 vagrant vagrant   807 Dec 21  2020 .profile
-rw-rw-r--  1 vagrant vagrant    66 Jul  7 19:42 .selected_editor
drwx------  3 vagrant root     4096 Jun 29 18:45 [01;34m.ssh[0m
-rw-r--r--  1 vagrant vagrant     0 Dec 21  2020 .sudo_as_admin_successful
-rw-r--r--  1 vagrant vagrant     6 Dec 21  2020 .vbox_version
-rw-------  1 root    root     4979 Jun 18 02:21 .viminfo
-rw-r--r--  1 root    root      180 Dec 21  2020 .wget-hsts
vagrant@doc01:~$ 
=======
  System load:                    0.03
  Usage of /:                     34.8% of 61.80GB
  Memory usage:                   30%
  Swap usage:                     0%
  Processes:                      133
  Users logged in:                1
  IP address for eth0:            10.0.2.15
  IP address for eth1:            192.168.2.83
  IP address for docker_gwbridge: 172.18.0.1
  IP address for br-5c8b56c38219: 172.19.0.1
  IP address for docker0:         172.17.0.1

 * Canonical Livepatch is available for installation.
   - Reduce system reboots and improve kernel security. Activate at:
     https://ubuntu.com/livepatch


This system is built by the Bento project by Chef Software
More information can be found at https://github.com/chef/bento
Last login: Tue Oct 19 23:39:35 2021 from 192.168.2.220
vagrant@doc03:~$ 
vagrant@doc03:~$ 
vagrant@doc03:~$ 
vagrant@doc03:~$ sudo rm -R ./feedback-loop && git -c http.sslVerify=false clone https://corp.paglipay.info/root/feedback-loop.git
Cloning into 'feedback-loop'...
Username for 'https://corp.paglipay.info': root
Password for 'https://root@corp.paglipay.info': remote: Enumerating objects: 732, done.[K
remote: Counting objects:   0% (1/732)[Kremote: Counting objects:   1% (8/732)[Kremote: Counting objects:   2% (15/732)[Kremote: Counting objects:   3% (22/732)[Kremote: Counting objects:   4% (30/732)[Kremote: Counting objects:   5% (37/732)[Kremote: Counting objects:   6% (44/732)[Kremote: Counting objects:   7% (52/732)[Kremote: Counting objects:   8% (59/732)[Kremote: Counting objects:   9% (66/732)[Kremote: Counting objects:  10% (74/732)[Kremote: Counting objects:  11% (81/732)[Kremote: Counting objects:  12% (88/732)[Kremote: Counting objects:  13% (96/732)[Kremote: Counting objects:  14% (103/732)[Kremote: Counting objects:  15% (110/732)[Kremote: Counting objects:  16% (118/732)[Kremote: Counting objects:  17% (125/732)[Kremote: Counting objects:  18% (132/732)[Kremote: Counting objects:  19% (140/732)[Kremote: Counting objects:  20% (147/732)[Kremote: Counting objects:  21% (154/732)[Kremote: Counting objects:  22% (162/732)[Kremote: Counting objects:  23% (169/732)[Kremote: Counting objects:  24% (176/732)[Kremote: Counting objects:  25% (183/732)[Kremote: Counting objects:  26% (191/732)[Kremote: Counting objects:  27% (198/732)[Kremote: Counting objects:  28% (205/732)[Kremote: Counting objects:  29% (213/732)[Kremote: Counting objects:  30% (220/732)[Kremote: Counting objects:  31% (227/732)[Kremote: Counting objects:  32% (235/732)[Kremote: Counting objects:  33% (242/732)[Kremote: Counting objects:  34% (249/732)[Kremote: Counting objects:  35% (257/732)[Kremote: Counting objects:  36% (264/732)[Kremote: Counting objects:  37% (271/732)[Kremote: Counting objects:  38% (279/732)[Kremote: Counting objects:  39% (286/732)[Kremote: Counting objects:  40% (293/732)[Kremote: Counting objects:  41% (301/732)[Kremote: Counting objects:  42% (308/732)[Kremote: Counting objects:  43% (315/732)[Kremote: Counting objects:  44% (323/732)[Kremote: Counting objects:  45% (330/732)[Kremote: Counting objects:  46% (337/732)[Kremote: Counting objects:  47% (345/732)[Kremote: Counting objects:  48% (352/732)[Kremote: Counting objects:  49% (359/732)[Kremote: Counting objects:  50% (366/732)[Kremote: Counting objects:  51% (374/732)[Kremote: Counting objects:  52% (381/732)[Kremote: Counting objects:  53% (388/732)[Kremote: Counting objects:  54% (396/732)[Kremote: Counting objects:  55% (403/732)[Kremote: Counting objects:  56% (410/732)[Kremote: Counting objects:  57% (418/732)[Kremote: Counting objects:  58% (425/732)[Kremote: Counting objects:  59% (432/732)[Kremote: Counting objects:  60% (440/732)[Kremote: Counting objects:  61% (447/732)[Kremote: Counting objects:  62% (454/732)[Kremote: Counting objects:  63% (462/732)[Kremote: Counting objects:  64% (469/732)[Kremote: Counting objects:  65% (476/732)[Kremote: Counting objects:  66% (484/732)[Kremote: Counting objects:  67% (491/732)[Kremote: Counting objects:  68% (498/732)[Kremote: Counting objects:  69% (506/732)[Kremote: Counting objects:  70% (513/732)[Kremote: Counting objects:  71% (520/732)[Kremote: Counting objects:  72% (528/732)[Kremote: Counting objects:  73% (535/732)[Kremote: Counting objects:  74% (542/732)[Kremote: Counting objects:  75% (549/732)[Kremote: Counting objects:  76% (557/732)[Kremote: Counting objects:  77% (564/732)[Kremote: Counting objects:  78% (571/732)[Kremote: Counting objects:  79% (579/732)[Kremote: Counting objects:  80% (586/732)[Kremote: Counting objects:  81% (593/732)[Kremote: Counting objects:  82% (601/732)[Kremote: Counting objects:  83% (608/732)[Kremote: Counting objects:  84% (615/732)[Kremote: Counting objects:  85% (623/732)[Kremote: Counting objects:  86% (630/732)[Kremote: Counting objects:  87% (637/732)[Kremote: Counting objects:  88% (645/732)[Kremote: Counting objects:  89% (652/732)[Kremote: Counting objects:  90% (659/732)[Kremote: Counting objects:  91% (667/732)[Kremote: Counting objects:  92% (674/732)[Kremote: Counting objects:  93% (681/732)[Kremote: Counting objects:  94% (689/732)[Kremote: Counting objects:  95% (696/732)[Kremote: Counting objects:  96% (703/732)[Kremote: Counting objects:  97% (711/732)[Kremote: Counting objects:  98% (718/732)[Kremote: Counting objects:  99% (725/732)[Kremote: Counting objects: 100% (732/732)[Kremote: Counting objects: 100% (732/732), done.[K
remote: Compressing objects:   0% (1/580)[Kremote: Compressing objects:   1% (6/580)[Kremote: Compressing objects:   2% (12/580)[Kremote: Compressing objects:   3% (18/580)[Kremote: Compressing objects:   4% (24/580)[Kremote: Compressing objects:   5% (29/580)[Kremote: Compressing objects:   6% (35/580)[Kremote: Compressing objects:   7% (41/580)[Kremote: Compressing objects:   8% (47/580)[Kremote: Compressing objects:   9% (53/580)[Kremote: Compressing objects:  10% (58/580)[Kremote: Compressing objects:  11% (64/580)[Kremote: Compressing objects:  12% (70/580)[Kremote: Compressing objects:  13% (76/580)[Kremote: Compressing objects:  14% (82/580)[Kremote: Compressing objects:  15% (87/580)[Kremote: Compressing objects:  16% (93/580)remote: Compressing objects:  17% (99/580)[Kremote: Compressing objects:  18% (105/580)[Kremote: Compressing objects:  19% (111/580)[Kremote: Compressing objects:  20% (116/580)[Kremote: Compressing objects:  21% (122/580)[Kremote: Compressing objects:  22% (128/580)[Kremote: Compressing objects:  23% (134/580)[Kremote: Compressing objects:  24% (140/580)[Kremote: Compressing objects:  25% (145/580)[Kremote: Compressing objects:  26% (151/580)[Kremote: Compressing objects:  27% (157/580)[Kremote: Compressing objects:  28% (163/580)[Kremote: Compressing objects:  29% (169/580)[Kremote: Compressing objects:  30% (174/580)[Kremote: Compressing objects:  31% (180/580)[Kremote: Compressing objects:  32% (186/580)[Kremote: Compressing objects:  33% (192/580)[Kremote: Compressing objects:  34% (198/580)[Kremote: Compressing objects:  35% (203/580)[Kremote: Compressing objects:  36% (209/580)[Kremote: Compressing objects:  37% (215/580)[Kremote: Compressing objects:  38% (221/580)[Kremote: Compressing objects:  39% (227/580)[Kremote: Compressing objects:  40% (232/580)[Kremote: Compressing objects:  41% (238/580)[Kremote: Compressing objects:  42% (244/580)[Kremote: Compressing objects:  43% (250/580)[Kremote: Compressing objects:  44% (256/580)[Kremote: Compressing objects:  45% (261/580)[Kremote: Compressing objects:  46% (267/580)[Kremote: Compressing objects:  47% (273/580)[Kremote: Compressing objects:  48% (279/580)[Kremote: Compressing objects:  49% (285/580)[Kremote: Compressing objects:  50% (290/580)[Kremote: Compressing objects:  51% (296/580)[Kremote: Compressing objects:  52% (302/580)[Kremote: Compressing objects:  53% (308/580)[Kremote: Compressing objects:  54% (314/580)[Kremote: Compressing objects:  55% (319/580)[Kremote: Compressing objects:  56% (325/580)[Kremote: Compressing objects:  57% (331/580)[Kremote: Compressing objects:  58% (337/580)[Kremote: Compressing objects:  59% (343/580)[Kremote: Compressing objects:  60% (348/580)[Kremote: Compressing objects:  61% (354/580)[Kremote: Compressing objects:  62% (360/580)[Kremote: Compressing objects:  63% (366/580)[Kremote: Compressing objects:  64% (372/580)[Kremote: Compressing objects:  65% (377/580)[Kremote: Compressing objects:  66% (383/580)[Kremote: Compressing objects:  67% (389/580)[Kremote: Compressing objects:  68% (395/580)[Kremote: Compressing objects:  69% (401/580)[Kremote: Compressing objects:  70% (406/580)[Kremote: Compressing objects:  71% (412/580)[Kremote: Compressing objects:  72% (418/580)[Kremote: Compressing objects:  73% (424/580)[Kremote: Compressing objects:  74% (430/580)[Kremote: Compressing objects:  75% (435/580)[Kremote: Compressing objects:  76% (441/580)[Kremote: Compressing objects:  77% (447/580)[Kremote: Compressing objects:  78% (453/580)[Kremote: Compressing objects:  79% (459/580)[Kremote: Compressing objects:  80% (464/580)[Kremote: Compressing objects:  81% (470/580)[Kremote: Compressing objects:  82% (476/580)[Kremote: Compressing objects:  83% (482/580)[Kremote: Compressing objects:  84% (488/580)[Kremote: Compressing objects:  85% (493/580)[Kremote: Compressing objects:  86% (499/580)[Kremote: Compressing objects:  87% (505/580)[Kremote: Compressing objects:  88% (511/580)[Kremote: Compressing objects:  89% (517/580)[Kremote: Compressing objects:  90% (522/580)[Kremote: Compressing objects:  91% (528/580)[Kremote: Compressing objects:  92% (534/580)[Kremote: Compressing objects:  93% (540/580)[Kremote: Compressing objects:  94% (546/580)[Kremote: Compressing objects:  95% (551/580)[Kremote: Compressing objects:  96% (557/580)[Kremote: Compressing objects:  97% (563/580)[Kremote: Compressing objects:  98% (569/580)[Kremote: Compressing objects:  99% (575/580)[Kremote: Compressing objects: 100% (580/580)[Kremote: Compressing objects: 100% (580/580), done.[K
Receiving objects:   0% (1/2351)   Receiving objects:   1% (24/2351)   Receiving objects:   2% (48/2351)   Receiving objects:   3% (71/2351)   Receiving objects:   4% (95/2351)   Receiving objects:   5% (118/2351)   Receiving objects:   6% (142/2351)   Receiving objects:   7% (165/2351)   Receiving objects:   8% (189/2351)   Receiving objects:   9% (212/2351)   Receiving objects:  10% (236/2351)   Receiving objects:  11% (259/2351)   Receiving objects:  12% (283/2351)   Receiving objects:  13% (306/2351)   Receiving objects:  14% (330/2351)   Receiving objects:  15% (353/2351)   Receiving objects:  16% (377/2351)   Receiving objects:  17% (400/2351)   Receiving objects:  18% (424/2351)   Receiving objects:  19% (447/2351)   Receiving objects:  20% (471/2351)   Receiving objects:  21% (494/2351)   Receiving objects:  22% (518/2351)   Receiving objects:  23% (541/2351)   Receiving objects:  24% (565/2351)   Receiving objects:  25% (588/2351)   Receiving objects:  26% (612/2351)   Receiving objects:  27% (635/2351)   Receiving objects:  28% (659/2351)   Receiving objects:  29% (682/2351)   Receiving objects:  30% (706/2351)   Receiving objects:  31% (729/2351)   Receiving objects:  32% (753/2351)   Receiving objects:  33% (776/2351)   Receiving objects:  34% (800/2351)   Receiving objects:  35% (823/2351)   Receiving objects:  36% (847/2351)   Receiving objects:  37% (870/2351)   Receiving objects:  38% (894/2351)   Receiving objects:  39% (917/2351)   Receiving objects:  40% (941/2351)   Receiving objects:  41% (964/2351)   Receiving objects:  42% (988/2351)   Receiving objects:  43% (1011/2351)   Receiving objects:  44% (1035/2351)   Receiving objects:  45% (1058/2351)   Receiving objects:  46% (1082/2351)   Receiving objects:  47% (1105/2351)   Receiving objects:  48% (1129/2351)   Receiving objects:  49% (1152/2351)   Receiving objects:  50% (1176/2351)   Receiving objects:  51% (1200/2351)   Receiving objects:  52% (1223/2351)   Receiving objects:  53% (1247/2351)   Receiving objects:  54% (1270/2351)   Receiving objects:  55% (1294/2351)   Receiving objects:  56% (1317/2351)   Receiving objects:  57% (1341/2351)   Receiving objects:  58% (1364/2351)   Receiving objects:  59% (1388/2351)   Receiving objects:  60% (1411/2351)   Receiving objects:  61% (1435/2351)   Receiving objects:  62% (1458/2351)   Receiving objects:  63% (1482/2351)   Receiving objects:  64% (1505/2351)   Receiving objects:  65% (1529/2351)   Receiving objects:  66% (1552/2351)   Receiving objects:  67% (1576/2351)   Receiving objects:  68% (1599/2351)   Receiving objects:  69% (1623/2351)   Receiving objects:  70% (1646/2351)   Receiving objects:  71% (1670/2351)   Receiving objects:  72% (1693/2351)   Receiving objects:  73% (1717/2351)   Receiving objects:  74% (1740/2351)   Receiving objects:  75% (1764/2351)   Receiving objects:  76% (1787/2351)   Receiving objects:  77% (1811/2351)   Receiving objects:  78% (1834/2351)   Receiving objects:  79% (1858/2351)   Receiving objects:  80% (1881/2351)   Receiving objects:  81% (1905/2351)   Receiving objects:  82% (1928/2351)   Receiving objects:  83% (1952/2351)   Receiving objects:  84% (1975/2351)   Receiving objects:  85% (1999/2351)   Receiving objects:  86% (2022/2351)   Receiving objects:  87% (2046/2351)   Receiving objects:  88% (2069/2351)   Receiving objects:  89% (2093/2351)   Receiving objects:  90% (2116/2351)   Receiving objects:  91% (2140/2351)   Receiving objects:  92% (2163/2351)   
Receiving objects:  93% (2187/2351)   Receiving objects:  94% (2210/2351)   Receiving objects:  95% (2234/2351)   Receiving objects:  96% (2257/2351)   Receiving objects:  97% (2281/2351)   Receiving objects:  98% (2304/2351)   Receiving objects:  99% (2328/2351)   remote: Total 2351 (delta 159), reused 690 (delta 129), pack-reused 1619[K
Receiving objects: 100% (2351/2351)   Receiving objects: 100% (2351/2351), 3.40 MiB | 8.05 MiB/s, done.
Resolving deltas:   0% (0/1170)   Resolving deltas:   1% (12/1170)   Resolving deltas:   2% (24/1170)   Resolving deltas:   3% (36/1170)   Resolving deltas:   5% (66/1170)   Resolving deltas:   6% (71/1170)   Resolving deltas:  21% (247/1170)   Resolving deltas:  23% (271/1170)   Resolving deltas:  44% (523/1170)   Resolving deltas:  45% (527/1170)   Resolving deltas:  50% (585/1170)   Resolving deltas:  68% (800/1170)   Resolving deltas:  70% (830/1170)   Resolving deltas:  74% (873/1170)   Resolving deltas:  80% (940/1170)   Resolving deltas:  82% (970/1170)   Resolving deltas:  84% (985/1170)   Resolving deltas:  85% (997/1170)   Resolving deltas:  88% (1038/1170)   Resolving deltas:  89% (1049/1170)   Resolving deltas:  90% (1061/1170)   Resolving deltas:  91% (1066/1170)   Resolving deltas:  92% (1077/1170)   Resolving deltas:  93% (1094/1170)   Resolving deltas:  94% (1108/1170)   Resolving deltas:  95% (1116/1170)   Resolving deltas:  96% (1126/1170)   Resolving deltas:  97% (1135/1170)   Resolving deltas:  98% (1147/1170)   Resolving deltas:  99% (1159/1170)   Resolving deltas: 100% (1170/1170)   Resolving deltas: 100% (1170/1170), done.
vagrant@doc03:~$ 
vagrant@doc03:~$ [31m  Could not find a version that satisfies the requirement astroid==2.4.2 (from -r requirements.txt (line 2)) (from versions: 1.0.0, 1.0.1, 1.1.0, 1.1.1, 1.2.0, 1.2.1, 1.3.0, 1.3.1, 1.3.2, 1.3.3, 1.3.4, 1.3.5, 1.3.6, 1.3.7, 1.3.8, 1.4.0, 1.4.1, 1.4.2, 1.4.3, 1.4.4, 1.4.5, 1.4.6, 1.4.7, 1.4.8, 1.4.9, 1.5.0, 1.5.1, 1.5.2, 1.5.3, 1.6.0, 1.6.1, 1.6.2, 1.6.3, 1.6.4, 1.6.5, 1.6.6)[0m
[31mNo matching distribution found for astroid==2.4.2 (from -r requirements.txt (line 2))[0m
vagrant@doc03:~/feedback-loop$ 
vagrant@doc03:~/feedback-loop$ ls -la
total 120
drwxrwxr-x  8 vagrant vagrant 4096 Oct 19 23:39  [0m[01;34m.[0m
drwxr-xr-x 19 vagrant vagrant 4096 Oct 19 23:39  [01;34m..[0m
-rw-rw-r--  1 vagrant vagrant 1496 Oct 19 23:39  administrator2-test.txt
-rw-rw-r--  1 vagrant vagrant  625 Oct 19 23:39  app.py
-rw-rw-r--  1 vagrant vagrant    6 Oct 19 23:39  branch.txt
-rw-rw-r--  1 vagrant vagrant  212 Oct 19 23:39  c-213-requirements.txt
-rw-rw-r--  1 vagrant vagrant 2286 Oct 19 23:39  c-213-test.txt
drwxrwxr-x  3 vagrant vagrant 4096 Oct 19 23:39  [01;34mcapture[0m
-rw-rw-r--  1 vagrant vagrant 2911 Oct 19 23:39  DTree.py
drwxrwxr-x  8 vagrant vagrant 4096 Oct 19 23:39  [01;34m.git[0m
-rw-rw-r--  1 vagrant vagrant   64 Oct 19 23:39  .gitignore
-rw-rw-r--  1 vagrant vagrant  812 Oct 19 23:39  .gitlab-ci.yml
drwxrwxr-x  5 vagrant vagrant 4096 Oct 19 23:39  [01;34mjson[0m
-rw-rw-r--  1 vagrant vagrant 2162 Oct 19 23:39  main.py
drwxrwxr-x  7 vagrant vagrant 4096 Oct 19 23:39  [01;34mmy_packages[0m
drwxrwxr-x  2 vagrant vagrant 4096 Oct 19 23:39  [01;34m__pycache__[0m
-rw-rw-r--  1 vagrant vagrant   17 Oct 19 23:39  README.md
-rw-rw-r--  1 vagrant vagrant  729 Oct 19 23:39  requirements.txt
-rw-rw-r--  1 vagrant vagrant  273 Oct 19 23:39  runner-1zql5ubz-project-31-concurrent-0-test.txt
-rw-rw-r--  1 vagrant vagrant  445 Oct 19 23:39 'some file.txt'
-rw-rw-r--  1 vagrant vagrant  479 Oct 19 23:39  start.json
-rw-rw-r--  1 vagrant vagrant 4332 Oct 19 23:39  test.txt
-rw-rw-r--  1 vagrant vagrant 5991 Oct 19 23:39  ubd-220-requirements.txt
-rw-rw-r--  1 vagrant vagrant 4661 Oct 19 23:39  ubd-220-test.txt
-rw-rw-r--  1 vagrant vagrant  467 Oct 19 23:39  ub-desk-230-requirements.txt
-rw-rw-r--  1 vagrant vagrant 2331 Oct 19 23:39  ub-desk-230-test.txt
drwxrwxr-x  2 vagrant vagrant 4096 Oct 19 23:39  [01;34m.vscode[0m
vagrant@doc03:~/feedback-loop$ 
>>>>>>> 44cac71487b1e44cb3ae1da360792ac8b96c241a
